// Jest Snapshot v1, https://goo.gl/fbAQLP

exports[`checks that the StatisticsModal component can be rendered 1`] = `
<div
  className="p-3 my-5 h-custom container-fluid"
>
  <div
    className="d-flex flex-row align-items-center justify-content-center row"
  >
    <div
      className="col"
    >
      <img
        alt="PersonalMan Logo"
        className="d-block mx-auto img-fluid w-50"
        src="https://www.davelee.de/common/assets/img/portfolio/personalman-logo.png"
      />
    </div>
    <div
      className="col"
    >
      <div
        className="d-flex flex-row align-items-center justify-content-center mb-3 container"
      >
        <div
          className="row"
        >
          <div
            className="col"
          >
            <h3>
              registerCompanyTitle
            </h3>
          </div>
        </div>
      </div>
      <div
        className="d-flex flex-column container"
      >
        <form
          className=""
        >
          <div
            className="mb-3 row"
          >
            <label
              className="form-label col-form-label col-sm-2"
              htmlFor="formPlaintextName"
            >
              registerCompanyNameLabel
              :
            </label>
            <div
              className="col-sm-10"
            >
              <input
                className="form-control"
                id="formPlaintextName"
                onChange={[Function]}
                placeholder="registerCompanyNameLabel"
                type="text"
                value=""
              />
            </div>
          </div>
          <div
            className="mb-3 row"
          >
            <label
              className="form-label col-form-label col-sm-2"
              htmlFor="formPlaintextEmail"
            >
              registerCompanyAnnualLeaveLabel
              :
            </label>
            <div
              className="col-sm-10"
            >
              <input
                className="form-control"
                id="formPlaintextEmail"
                max="40"
                min="20"
                onChange={[Function]}
                type="number"
                value={20}
              />
            </div>
          </div>
          <div
            className="mb-3 row"
          >
            <label
              className="form-label col-form-label col-sm-2"
              htmlFor="formPlaintextCompany"
            >
              registerCompanyBaseCountryLabel
              :
            </label>
            <div
              className="col-sm-10"
            >
              <select
                aria-label="Company Name"
                className="form-select"
                id="formPlaintextCompany"
                onChange={[Function]}
                value="Germany"
              >
                <option>
                  registerCompanyCountryGermany
                </option>
                <option>
                  registerCompanyCountryEngland
                </option>
                <option>
                  registerCompanyCountryScotland
                </option>
              </select>
            </div>
          </div>
        </form>
      </div>
      <div
        className="align-items-center justify-content-center text-md-start mt-4 pt-2 container"
      >
        <div
          className="row"
        >
          <div
            className="text-center col"
          >
            <button
              className="mb-0 px-5 me-2 btn btn-primary btn-lg"
              disabled={false}
              onClick={[Function]}
              type="button"
            >
              registerCompanyRegisterButton
            </button>
            <button
              className="mb-0 px-5 me-2 btn btn-primary btn-lg"
              disabled={false}
              onClick={[Function]}
              type="button"
            >
              registerCompanyResetButton
            </button>
          </div>
        </div>
      </div>
    </div>
  </div>
</div>
`;
